I'm sorry, but errors were detected in your script. Please correct the
errors listed below, and try again.


File "game/script.rpy", line 17: Line is indented, but the preceding play music statement statement does not expect a block. Please check this line's indentation.
    scene Home
    ^

Ren'Py Version: Ren'Py 6.99.12.3.2123
